[2025-06-25T20:19:10.085-0400] {local_task_job_runner.py:120} INFO - ::group::Pre task execution logs
[2025-06-25T20:19:10.092-0400] {taskinstance.py:2076} INFO - Dependencies all met for dep_context=non-requeueable deps ti=<TaskInstance: bizsight_pipeline.run_data_analysis_task manual__2025-06-26T00:18:19.988953+00:00 [queued]>
[2025-06-25T20:19:10.094-0400] {taskinstance.py:2076} INFO - Dependencies all met for dep_context=requeueable deps ti=<TaskInstance: bizsight_pipeline.run_data_analysis_task manual__2025-06-26T00:18:19.988953+00:00 [queued]>
[2025-06-25T20:19:10.094-0400] {taskinstance.py:2306} INFO - Starting attempt 1 of 2
[2025-06-25T20:19:10.099-0400] {taskinstance.py:2330} INFO - Executing <Task(BashOperator): run_data_analysis_task> on 2025-06-26 00:18:19.988953+00:00
[2025-06-25T20:19:10.102-0400] {standard_task_runner.py:63} INFO - Started process 62448 to run task
[2025-06-25T20:19:10.104-0400] {standard_task_runner.py:90} INFO - Running: ['airflow', 'tasks', 'run', 'bizsight_pipeline', 'run_data_analysis_task', 'manual__2025-06-26T00:18:19.988953+00:00', '--job-id', '90', '--raw', '--subdir', 'DAGS_FOLDER/bizsight_dag.py', '--cfg-path', '/var/folders/qz/vw9rgbgn0719syftc5msbg4w0000gn/T/tmp5d08ovag']
[2025-06-25T20:19:10.106-0400] {standard_task_runner.py:91} INFO - Job 90: Subtask run_data_analysis_task
[2025-06-25T20:19:10.121-0400] {task_command.py:426} INFO - Running <TaskInstance: bizsight_pipeline.run_data_analysis_task manual__2025-06-26T00:18:19.988953+00:00 [running]> on host deeps-macbook-pro-2.local
[2025-06-25T20:19:10.141-0400] {taskinstance.py:2648} INFO - Exporting env vars: AIRFLOW_CTX_DAG_EMAIL='mangroliyadeep@gmail.com' AIRFLOW_CTX_DAG_OWNER='deep' AIRFLOW_CTX_DAG_ID='bizsight_pipeline' AIRFLOW_CTX_TASK_ID='run_data_analysis_task' AIRFLOW_CTX_EXECUTION_DATE='2025-06-26T00:18:19.988953+00:00' AIRFLOW_CTX_TRY_NUMBER='1' AIRFLOW_CTX_DAG_RUN_ID='manual__2025-06-26T00:18:19.988953+00:00'
[2025-06-25T20:19:10.141-0400] {taskinstance.py:430} INFO - ::endgroup::
[2025-06-25T20:19:10.142-0400] {subprocess.py:63} INFO - Tmp dir root location: /var/folders/qz/vw9rgbgn0719syftc5msbg4w0000gn/T
[2025-06-25T20:19:10.142-0400] {subprocess.py:75} INFO - Running command: ['/bin/bash', '-c', 'python3 /Users/deepmangroliya/Desktop/d2p_ds_project/main.py -t "data_analysis_ext"']
[2025-06-25T20:19:10.145-0400] {subprocess.py:86} INFO - Output:
[2025-06-25T20:19:10.587-0400] {subprocess.py:93} INFO - /Users/deepmangroliya/Desktop/d2p_ds_project/src/data_analysis_ext.py:38: UserWarning: pandas only supports SQLAlchemy connectable (engine/connection) or database string URI or sqlite3 DBAPI2 connection. Other DBAPI2 objects are not tested. Please consider using SQLAlchemy.
[2025-06-25T20:19:10.587-0400] {subprocess.py:93} INFO -   df = pd.read_sql(query, conn)
[2025-06-25T20:19:10.648-0400] {subprocess.py:93} INFO - Connected to MySQL Successfully
[2025-06-25T20:19:10.649-0400] {subprocess.py:93} INFO - ❌ Error executing query from file: 'NoneType' object is not iterable
[2025-06-25T20:19:10.650-0400] {subprocess.py:93} INFO - Traceback (most recent call last):
[2025-06-25T20:19:10.650-0400] {subprocess.py:93} INFO -   File "/Users/deepmangroliya/Desktop/d2p_ds_project/main.py", line 30, in <module>
[2025-06-25T20:19:10.650-0400] {subprocess.py:93} INFO -     write_file_s3(
[2025-06-25T20:19:10.650-0400] {subprocess.py:93} INFO -   File "/Users/deepmangroliya/Desktop/d2p_ds_project/src/utils.py", line 276, in write_file_s3
[2025-06-25T20:19:10.651-0400] {subprocess.py:93} INFO -     csv = df.to_csv(index = False)
[2025-06-25T20:19:10.651-0400] {subprocess.py:93} INFO - AttributeError: 'NoneType' object has no attribute 'to_csv'
[2025-06-25T20:19:10.742-0400] {subprocess.py:97} INFO - Command exited with return code 1
[2025-06-25T20:19:10.743-0400] {taskinstance.py:441} INFO - ::group::Post task execution logs
[2025-06-25T20:19:10.746-0400] {taskinstance.py:2905} ERROR - Task failed with exception
Traceback (most recent call last):
  File "/opt/anaconda3/envs/airflow_env/lib/python3.10/site-packages/airflow/models/taskinstance.py", line 465, in _execute_task
    result = _execute_callable(context=context, **execute_callable_kwargs)
  File "/opt/anaconda3/envs/airflow_env/lib/python3.10/site-packages/airflow/models/taskinstance.py", line 432, in _execute_callable
    return execute_callable(context=context, **execute_callable_kwargs)
  File "/opt/anaconda3/envs/airflow_env/lib/python3.10/site-packages/airflow/models/baseoperator.py", line 400, in wrapper
    return func(self, *args, **kwargs)
  File "/opt/anaconda3/envs/airflow_env/lib/python3.10/site-packages/airflow/operators/bash.py", line 243, in execute
    raise AirflowException(
airflow.exceptions.AirflowException: Bash command failed. The command returned a non-zero exit code 1.
[2025-06-25T20:19:10.748-0400] {taskinstance.py:1206} INFO - Marking task as UP_FOR_RETRY. dag_id=bizsight_pipeline, task_id=run_data_analysis_task, run_id=manual__2025-06-26T00:18:19.988953+00:00, execution_date=20250626T001819, start_date=20250626T001910, end_date=20250626T001910
[2025-06-25T20:19:10.757-0400] {logging_mixin.py:188} WARNING - /opt/anaconda3/envs/airflow_env/lib/python3.10/site-packages/airflow/utils/email.py:154 RemovedInAirflow3Warning: Fetching SMTP credentials from configuration variables will be deprecated in a future release. Please set credentials using a connection instead.
[2025-06-25T20:19:10.757-0400] {configuration.py:1050} WARNING - section/key [smtp/smtp_user] not found in config
[2025-06-25T20:19:10.757-0400] {email.py:271} INFO - Email alerting: attempt 1
[2025-06-25T20:19:10.759-0400] {configuration.py:1050} WARNING - section/key [smtp/smtp_user] not found in config
[2025-06-25T20:19:10.760-0400] {email.py:271} INFO - Email alerting: attempt 1
[2025-06-25T20:19:10.760-0400] {taskinstance.py:879} ERROR - Failed to send email to: ['mangroliyadeep@gmail.com']
Traceback (most recent call last):
  File "/opt/anaconda3/envs/airflow_env/lib/python3.10/site-packages/airflow/models/taskinstance.py", line 2479, in _run_raw_task
    self._execute_task_with_callbacks(context, test_mode, session=session)
  File "/opt/anaconda3/envs/airflow_env/lib/python3.10/site-packages/airflow/models/taskinstance.py", line 2676, in _execute_task_with_callbacks
    result = self._execute_task(context, task_orig)
  File "/opt/anaconda3/envs/airflow_env/lib/python3.10/site-packages/airflow/models/taskinstance.py", line 2701, in _execute_task
    return _execute_task(self, context, task_orig)
  File "/opt/anaconda3/envs/airflow_env/lib/python3.10/site-packages/airflow/models/taskinstance.py", line 465, in _execute_task
    result = _execute_callable(context=context, **execute_callable_kwargs)
  File "/opt/anaconda3/envs/airflow_env/lib/python3.10/site-packages/airflow/models/taskinstance.py", line 432, in _execute_callable
    return execute_callable(context=context, **execute_callable_kwargs)
  File "/opt/anaconda3/envs/airflow_env/lib/python3.10/site-packages/airflow/models/baseoperator.py", line 400, in wrapper
    return func(self, *args, **kwargs)
  File "/opt/anaconda3/envs/airflow_env/lib/python3.10/site-packages/airflow/operators/bash.py", line 243, in execute
    raise AirflowException(
airflow.exceptions.AirflowException: Bash command failed. The command returned a non-zero exit code 1.

During handling of the above exception, another exception occurred:

Traceback (most recent call last):
  File "/opt/anaconda3/envs/airflow_env/lib/python3.10/site-packages/airflow/models/taskinstance.py", line 1063, in _email_alert
    send_email(task.email, subject, html_content)
  File "/opt/anaconda3/envs/airflow_env/lib/python3.10/site-packages/airflow/utils/email.py", line 80, in send_email
    return backend(
  File "/opt/anaconda3/envs/airflow_env/lib/python3.10/site-packages/airflow/utils/email.py", line 154, in send_email_smtp
    send_mime_email(e_from=mail_from, e_to=recipients, mime_msg=msg, conn_id=conn_id, dryrun=dryrun)
  File "/opt/anaconda3/envs/airflow_env/lib/python3.10/site-packages/airflow/utils/email.py", line 273, in send_mime_email
    smtp_conn = _get_smtp_connection(smtp_host, smtp_port, smtp_timeout, smtp_ssl)
  File "/opt/anaconda3/envs/airflow_env/lib/python3.10/site-packages/airflow/utils/email.py", line 317, in _get_smtp_connection
    return smtplib.SMTP(host=host, port=port, timeout=timeout)
  File "/opt/anaconda3/envs/airflow_env/lib/python3.10/smtplib.py", line 255, in __init__
    (code, msg) = self.connect(host, port)
  File "/opt/anaconda3/envs/airflow_env/lib/python3.10/smtplib.py", line 341, in connect
    self.sock = self._get_socket(host, port, self.timeout)
  File "/opt/anaconda3/envs/airflow_env/lib/python3.10/smtplib.py", line 312, in _get_socket
    return socket.create_connection((host, port), timeout,
  File "/opt/anaconda3/envs/airflow_env/lib/python3.10/socket.py", line 857, in create_connection
    raise err
  File "/opt/anaconda3/envs/airflow_env/lib/python3.10/socket.py", line 845, in create_connection
    sock.connect(sa)
ConnectionRefusedError: [Errno 61] Connection refused

During handling of the above exception, another exception occurred:

Traceback (most recent call last):
  File "/opt/anaconda3/envs/airflow_env/lib/python3.10/site-packages/airflow/models/taskinstance.py", line 877, in _handle_failure
    task_instance.email_alert(error, failure_context["task"])
  File "/opt/anaconda3/envs/airflow_env/lib/python3.10/site-packages/airflow/models/taskinstance.py", line 3163, in email_alert
    _email_alert(task_instance=self, exception=exception, task=task)
  File "/opt/anaconda3/envs/airflow_env/lib/python3.10/site-packages/airflow/models/taskinstance.py", line 1065, in _email_alert
    send_email(task.email, subject, html_content_err)
  File "/opt/anaconda3/envs/airflow_env/lib/python3.10/site-packages/airflow/utils/email.py", line 80, in send_email
    return backend(
  File "/opt/anaconda3/envs/airflow_env/lib/python3.10/site-packages/airflow/utils/email.py", line 154, in send_email_smtp
    send_mime_email(e_from=mail_from, e_to=recipients, mime_msg=msg, conn_id=conn_id, dryrun=dryrun)
  File "/opt/anaconda3/envs/airflow_env/lib/python3.10/site-packages/airflow/utils/email.py", line 273, in send_mime_email
    smtp_conn = _get_smtp_connection(smtp_host, smtp_port, smtp_timeout, smtp_ssl)
  File "/opt/anaconda3/envs/airflow_env/lib/python3.10/site-packages/airflow/utils/email.py", line 317, in _get_smtp_connection
    return smtplib.SMTP(host=host, port=port, timeout=timeout)
  File "/opt/anaconda3/envs/airflow_env/lib/python3.10/smtplib.py", line 255, in __init__
    (code, msg) = self.connect(host, port)
  File "/opt/anaconda3/envs/airflow_env/lib/python3.10/smtplib.py", line 341, in connect
    self.sock = self._get_socket(host, port, self.timeout)
  File "/opt/anaconda3/envs/airflow_env/lib/python3.10/smtplib.py", line 312, in _get_socket
    return socket.create_connection((host, port), timeout,
  File "/opt/anaconda3/envs/airflow_env/lib/python3.10/socket.py", line 857, in create_connection
    raise err
  File "/opt/anaconda3/envs/airflow_env/lib/python3.10/socket.py", line 845, in create_connection
    sock.connect(sa)
ConnectionRefusedError: [Errno 61] Connection refused
[2025-06-25T20:19:10.763-0400] {standard_task_runner.py:110} ERROR - Failed to execute job 90 for task run_data_analysis_task (Bash command failed. The command returned a non-zero exit code 1.; 62448)
[2025-06-25T20:19:10.781-0400] {local_task_job_runner.py:240} INFO - Task exited with return code 1
[2025-06-25T20:19:10.788-0400] {taskinstance.py:3498} INFO - 0 downstream tasks scheduled from follow-on schedule check
[2025-06-25T20:19:10.788-0400] {local_task_job_runner.py:222} INFO - ::endgroup::
