[2025-06-25T20:49:58.855-0400] {local_task_job_runner.py:120} INFO - ::group::Pre task execution logs
[2025-06-25T20:49:58.860-0400] {taskinstance.py:2076} INFO - Dependencies all met for dep_context=non-requeueable deps ti=<TaskInstance: bizsight_pipeline.run_etl_pipeline manual__2025-06-26T00:49:40.097381+00:00 [queued]>
[2025-06-25T20:49:58.862-0400] {taskinstance.py:2076} INFO - Dependencies all met for dep_context=requeueable deps ti=<TaskInstance: bizsight_pipeline.run_etl_pipeline manual__2025-06-26T00:49:40.097381+00:00 [queued]>
[2025-06-25T20:49:58.862-0400] {taskinstance.py:2306} INFO - Starting attempt 1 of 2
[2025-06-25T20:49:58.866-0400] {taskinstance.py:2330} INFO - Executing <Task(BashOperator): run_etl_pipeline> on 2025-06-26 00:49:40.097381+00:00
[2025-06-25T20:49:58.869-0400] {standard_task_runner.py:63} INFO - Started process 66327 to run task
[2025-06-25T20:49:58.871-0400] {standard_task_runner.py:90} INFO - Running: ['airflow', 'tasks', 'run', 'bizsight_pipeline', 'run_etl_pipeline', 'manual__2025-06-26T00:49:40.097381+00:00', '--job-id', '129', '--raw', '--subdir', 'DAGS_FOLDER/bizsight_dag.py', '--cfg-path', '/var/folders/qz/vw9rgbgn0719syftc5msbg4w0000gn/T/tmpgdle6zr4']
[2025-06-25T20:49:58.873-0400] {standard_task_runner.py:91} INFO - Job 129: Subtask run_etl_pipeline
[2025-06-25T20:49:58.886-0400] {task_command.py:426} INFO - Running <TaskInstance: bizsight_pipeline.run_etl_pipeline manual__2025-06-26T00:49:40.097381+00:00 [running]> on host deeps-macbook-pro-2.local
[2025-06-25T20:49:58.905-0400] {taskinstance.py:2648} INFO - Exporting env vars: AIRFLOW_CTX_DAG_EMAIL='mangroliyadeep@gmail.com' AIRFLOW_CTX_DAG_OWNER='deep' AIRFLOW_CTX_DAG_ID='bizsight_pipeline' AIRFLOW_CTX_TASK_ID='run_etl_pipeline' AIRFLOW_CTX_EXECUTION_DATE='2025-06-26T00:49:40.097381+00:00' AIRFLOW_CTX_TRY_NUMBER='1' AIRFLOW_CTX_DAG_RUN_ID='manual__2025-06-26T00:49:40.097381+00:00'
[2025-06-25T20:49:58.905-0400] {taskinstance.py:430} INFO - ::endgroup::
[2025-06-25T20:49:58.906-0400] {subprocess.py:63} INFO - Tmp dir root location: /var/folders/qz/vw9rgbgn0719syftc5msbg4w0000gn/T
[2025-06-25T20:49:58.906-0400] {subprocess.py:75} INFO - Running command: ['/bin/bash', '-c', 'python /Users/deepmangroliya/Desktop/d2p_ds_project/src/etl_pipeline.py']
[2025-06-25T20:49:58.909-0400] {subprocess.py:86} INFO - Output:
[2025-06-25T20:49:59.384-0400] {subprocess.py:93} INFO - ✅ ETL process completed. CSVs saved to: /Users/deepmangroliya/Desktop/d2p_ds_project/data
[2025-06-25T20:49:59.436-0400] {subprocess.py:97} INFO - Command exited with return code 0
[2025-06-25T20:49:59.436-0400] {taskinstance.py:441} INFO - ::group::Post task execution logs
[2025-06-25T20:49:59.443-0400] {taskinstance.py:1206} INFO - Marking task as SUCCESS. dag_id=bizsight_pipeline, task_id=run_etl_pipeline, run_id=manual__2025-06-26T00:49:40.097381+00:00, execution_date=20250626T004940, start_date=20250626T004958, end_date=20250626T004959
[2025-06-25T20:49:59.467-0400] {local_task_job_runner.py:240} INFO - Task exited with return code 0
[2025-06-25T20:49:59.476-0400] {taskinstance.py:3498} INFO - 1 downstream tasks scheduled from follow-on schedule check
[2025-06-25T20:49:59.476-0400] {local_task_job_runner.py:222} INFO - ::endgroup::
