[2025-06-25T19:27:41.939-0400] {local_task_job_runner.py:120} INFO - ::group::Pre task execution logs
[2025-06-25T19:27:41.945-0400] {taskinstance.py:2076} INFO - Dependencies all met for dep_context=non-requeueable deps ti=<TaskInstance: bizsight_pipeline.load_data_refined_db manual__2025-06-25T23:27:16.828130+00:00 [queued]>
[2025-06-25T19:27:41.947-0400] {taskinstance.py:2076} INFO - Dependencies all met for dep_context=requeueable deps ti=<TaskInstance: bizsight_pipeline.load_data_refined_db manual__2025-06-25T23:27:16.828130+00:00 [queued]>
[2025-06-25T19:27:41.947-0400] {taskinstance.py:2306} INFO - Starting attempt 1 of 2
[2025-06-25T19:27:41.951-0400] {taskinstance.py:2330} INFO - Executing <Task(BashOperator): load_data_refined_db> on 2025-06-25 23:27:16.828130+00:00
[2025-06-25T19:27:41.954-0400] {standard_task_runner.py:63} INFO - Started process 47720 to run task
[2025-06-25T19:27:41.957-0400] {standard_task_runner.py:90} INFO - Running: ['airflow', 'tasks', 'run', 'bizsight_pipeline', 'load_data_refined_db', 'manual__2025-06-25T23:27:16.828130+00:00', '--job-id', '25', '--raw', '--subdir', 'DAGS_FOLDER/bizsight_dag.py', '--cfg-path', '/var/folders/qz/vw9rgbgn0719syftc5msbg4w0000gn/T/tmpz8am6woz']
[2025-06-25T19:27:41.958-0400] {standard_task_runner.py:91} INFO - Job 25: Subtask load_data_refined_db
[2025-06-25T19:27:41.972-0400] {task_command.py:426} INFO - Running <TaskInstance: bizsight_pipeline.load_data_refined_db manual__2025-06-25T23:27:16.828130+00:00 [running]> on host deeps-macbook-pro-2.local
[2025-06-25T19:27:41.991-0400] {taskinstance.py:2648} INFO - Exporting env vars: AIRFLOW_CTX_DAG_EMAIL='mangroliyadeep@gmail.com' AIRFLOW_CTX_DAG_OWNER='deep' AIRFLOW_CTX_DAG_ID='bizsight_pipeline' AIRFLOW_CTX_TASK_ID='load_data_refined_db' AIRFLOW_CTX_EXECUTION_DATE='2025-06-25T23:27:16.828130+00:00' AIRFLOW_CTX_TRY_NUMBER='1' AIRFLOW_CTX_DAG_RUN_ID='manual__2025-06-25T23:27:16.828130+00:00'
[2025-06-25T19:27:41.992-0400] {taskinstance.py:430} INFO - ::endgroup::
[2025-06-25T19:27:41.992-0400] {subprocess.py:63} INFO - Tmp dir root location: /var/folders/qz/vw9rgbgn0719syftc5msbg4w0000gn/T
[2025-06-25T19:27:41.993-0400] {subprocess.py:75} INFO - Running command: ['/bin/bash', '-c', 'python /Users/deepmangroliya/Desktop/d2p_ds_project/src/database.py -db "refined" -t "cleaned-upload-to-database"']
[2025-06-25T19:27:41.996-0400] {subprocess.py:86} INFO - Output:
[2025-06-25T19:28:06.159-0400] {subprocess.py:93} INFO - Connected to MySQL Successfully
[2025-06-25T19:28:06.160-0400] {subprocess.py:93} INFO - Old Table 'sales' dropped before creation.
[2025-06-25T19:28:06.160-0400] {subprocess.py:93} INFO - Table 'sales' created successfully.
[2025-06-25T19:28:06.160-0400] {subprocess.py:93} INFO - Old Table 'products' dropped before creation.
[2025-06-25T19:28:06.161-0400] {subprocess.py:93} INFO - Table 'products' created successfully.
[2025-06-25T19:28:06.208-0400] {subprocess.py:97} INFO - Command exited with return code 0
[2025-06-25T19:28:06.208-0400] {taskinstance.py:441} INFO - ::group::Post task execution logs
[2025-06-25T19:28:06.218-0400] {taskinstance.py:1206} INFO - Marking task as SUCCESS. dag_id=bizsight_pipeline, task_id=load_data_refined_db, run_id=manual__2025-06-25T23:27:16.828130+00:00, execution_date=20250625T232716, start_date=20250625T232741, end_date=20250625T232806
[2025-06-25T19:28:06.239-0400] {local_task_job_runner.py:240} INFO - Task exited with return code 0
[2025-06-25T19:28:06.247-0400] {taskinstance.py:3498} INFO - 1 downstream tasks scheduled from follow-on schedule check
[2025-06-25T19:28:06.248-0400] {local_task_job_runner.py:222} INFO - ::endgroup::
