[2025-06-25T19:50:43.319-0400] {local_task_job_runner.py:120} INFO - ::group::Pre task execution logs
[2025-06-25T19:50:43.325-0400] {taskinstance.py:2076} INFO - Dependencies all met for dep_context=non-requeueable deps ti=<TaskInstance: bizsight_pipeline.create_raw_db manual__2025-06-25T23:50:41.213404+00:00 [queued]>
[2025-06-25T19:50:43.327-0400] {taskinstance.py:2076} INFO - Dependencies all met for dep_context=requeueable deps ti=<TaskInstance: bizsight_pipeline.create_raw_db manual__2025-06-25T23:50:41.213404+00:00 [queued]>
[2025-06-25T19:50:43.327-0400] {taskinstance.py:2306} INFO - Starting attempt 1 of 2
[2025-06-25T19:50:43.331-0400] {taskinstance.py:2330} INFO - Executing <Task(BashOperator): create_raw_db> on 2025-06-25 23:50:41.213404+00:00
[2025-06-25T19:50:43.334-0400] {standard_task_runner.py:63} INFO - Started process 50554 to run task
[2025-06-25T19:50:43.337-0400] {standard_task_runner.py:90} INFO - Running: ['airflow', 'tasks', 'run', 'bizsight_pipeline', 'create_raw_db', 'manual__2025-06-25T23:50:41.213404+00:00', '--job-id', '42', '--raw', '--subdir', 'DAGS_FOLDER/bizsight_dag.py', '--cfg-path', '/var/folders/qz/vw9rgbgn0719syftc5msbg4w0000gn/T/tmp5krxw3_n']
[2025-06-25T19:50:43.339-0400] {standard_task_runner.py:91} INFO - Job 42: Subtask create_raw_db
[2025-06-25T19:50:43.357-0400] {task_command.py:426} INFO - Running <TaskInstance: bizsight_pipeline.create_raw_db manual__2025-06-25T23:50:41.213404+00:00 [running]> on host deeps-macbook-pro-2.local
[2025-06-25T19:50:43.378-0400] {taskinstance.py:2648} INFO - Exporting env vars: AIRFLOW_CTX_DAG_EMAIL='mangroliyadeep@gmail.com' AIRFLOW_CTX_DAG_OWNER='deep' AIRFLOW_CTX_DAG_ID='bizsight_pipeline' AIRFLOW_CTX_TASK_ID='create_raw_db' AIRFLOW_CTX_EXECUTION_DATE='2025-06-25T23:50:41.213404+00:00' AIRFLOW_CTX_TRY_NUMBER='1' AIRFLOW_CTX_DAG_RUN_ID='manual__2025-06-25T23:50:41.213404+00:00'
[2025-06-25T19:50:43.379-0400] {taskinstance.py:430} INFO - ::endgroup::
[2025-06-25T19:50:43.379-0400] {subprocess.py:63} INFO - Tmp dir root location: /var/folders/qz/vw9rgbgn0719syftc5msbg4w0000gn/T
[2025-06-25T19:50:43.380-0400] {subprocess.py:75} INFO - Running command: ['/bin/bash', '-c', 'python /Users/deepmangroliya/Desktop/d2p_ds_project/src/database.py -dbn True -db "raw"']
[2025-06-25T19:50:43.383-0400] {subprocess.py:86} INFO - Output:
[2025-06-25T19:50:43.929-0400] {subprocess.py:93} INFO - Connected to MySQL Successfully
[2025-06-25T19:50:43.930-0400] {subprocess.py:93} INFO - Database: 'raw' created successfully
[2025-06-25T19:50:44.000-0400] {subprocess.py:97} INFO - Command exited with return code 0
[2025-06-25T19:50:44.000-0400] {taskinstance.py:441} INFO - ::group::Post task execution logs
[2025-06-25T19:50:44.008-0400] {taskinstance.py:1206} INFO - Marking task as SUCCESS. dag_id=bizsight_pipeline, task_id=create_raw_db, run_id=manual__2025-06-25T23:50:41.213404+00:00, execution_date=20250625T235041, start_date=20250625T235043, end_date=20250625T235044
[2025-06-25T19:50:44.015-0400] {local_task_job_runner.py:240} INFO - Task exited with return code 0
[2025-06-25T19:50:44.026-0400] {taskinstance.py:3498} INFO - 1 downstream tasks scheduled from follow-on schedule check
[2025-06-25T19:50:44.027-0400] {local_task_job_runner.py:222} INFO - ::endgroup::
