[2025-06-25T20:30:18.864-0400] {local_task_job_runner.py:120} INFO - ::group::Pre task execution logs
[2025-06-25T20:30:18.870-0400] {taskinstance.py:2076} INFO - Dependencies all met for dep_context=non-requeueable deps ti=<TaskInstance: bizsight_pipeline.load_data_refined_db manual__2025-06-26T00:29:54.764784+00:00 [queued]>
[2025-06-25T20:30:18.872-0400] {taskinstance.py:2076} INFO - Dependencies all met for dep_context=requeueable deps ti=<TaskInstance: bizsight_pipeline.load_data_refined_db manual__2025-06-26T00:29:54.764784+00:00 [queued]>
[2025-06-25T20:30:18.872-0400] {taskinstance.py:2306} INFO - Starting attempt 1 of 2
[2025-06-25T20:30:18.876-0400] {taskinstance.py:2330} INFO - Executing <Task(BashOperator): load_data_refined_db> on 2025-06-26 00:29:54.764784+00:00
[2025-06-25T20:30:18.879-0400] {standard_task_runner.py:63} INFO - Started process 63801 to run task
[2025-06-25T20:30:18.881-0400] {standard_task_runner.py:90} INFO - Running: ['airflow', 'tasks', 'run', 'bizsight_pipeline', 'load_data_refined_db', 'manual__2025-06-26T00:29:54.764784+00:00', '--job-id', '103', '--raw', '--subdir', 'DAGS_FOLDER/bizsight_dag.py', '--cfg-path', '/var/folders/qz/vw9rgbgn0719syftc5msbg4w0000gn/T/tmpq51r1qdu']
[2025-06-25T20:30:18.883-0400] {standard_task_runner.py:91} INFO - Job 103: Subtask load_data_refined_db
[2025-06-25T20:30:18.897-0400] {task_command.py:426} INFO - Running <TaskInstance: bizsight_pipeline.load_data_refined_db manual__2025-06-26T00:29:54.764784+00:00 [running]> on host deeps-macbook-pro-2.local
[2025-06-25T20:30:18.917-0400] {taskinstance.py:2648} INFO - Exporting env vars: AIRFLOW_CTX_DAG_EMAIL='mangroliyadeep@gmail.com' AIRFLOW_CTX_DAG_OWNER='deep' AIRFLOW_CTX_DAG_ID='bizsight_pipeline' AIRFLOW_CTX_TASK_ID='load_data_refined_db' AIRFLOW_CTX_EXECUTION_DATE='2025-06-26T00:29:54.764784+00:00' AIRFLOW_CTX_TRY_NUMBER='1' AIRFLOW_CTX_DAG_RUN_ID='manual__2025-06-26T00:29:54.764784+00:00'
[2025-06-25T20:30:18.917-0400] {taskinstance.py:430} INFO - ::endgroup::
[2025-06-25T20:30:18.918-0400] {subprocess.py:63} INFO - Tmp dir root location: /var/folders/qz/vw9rgbgn0719syftc5msbg4w0000gn/T
[2025-06-25T20:30:18.918-0400] {subprocess.py:75} INFO - Running command: ['/bin/bash', '-c', 'python /Users/deepmangroliya/Desktop/d2p_ds_project/src/database.py -db "refined" -t "cleaned-upload-to-database"']
[2025-06-25T20:30:18.921-0400] {subprocess.py:86} INFO - Output:
[2025-06-25T20:30:42.363-0400] {subprocess.py:93} INFO - Connected to MySQL Successfully
[2025-06-25T20:30:42.364-0400] {subprocess.py:93} INFO - Old Table 'sales' dropped before creation.
[2025-06-25T20:30:42.364-0400] {subprocess.py:93} INFO - Table 'sales' created successfully.
[2025-06-25T20:30:42.364-0400] {subprocess.py:93} INFO - Old Table 'products' dropped before creation.
[2025-06-25T20:30:42.364-0400] {subprocess.py:93} INFO - Table 'products' created successfully.
[2025-06-25T20:30:42.411-0400] {subprocess.py:97} INFO - Command exited with return code 0
[2025-06-25T20:30:42.412-0400] {taskinstance.py:441} INFO - ::group::Post task execution logs
[2025-06-25T20:30:42.421-0400] {taskinstance.py:1206} INFO - Marking task as SUCCESS. dag_id=bizsight_pipeline, task_id=load_data_refined_db, run_id=manual__2025-06-26T00:29:54.764784+00:00, execution_date=20250626T002954, start_date=20250626T003018, end_date=20250626T003042
[2025-06-25T20:30:42.470-0400] {local_task_job_runner.py:240} INFO - Task exited with return code 0
[2025-06-25T20:30:42.479-0400] {taskinstance.py:3498} INFO - 1 downstream tasks scheduled from follow-on schedule check
[2025-06-25T20:30:42.480-0400] {local_task_job_runner.py:222} INFO - ::endgroup::
