[2025-06-25T20:05:34.978-0400] {local_task_job_runner.py:120} INFO - ::group::Pre task execution logs
[2025-06-25T20:05:34.984-0400] {taskinstance.py:2076} INFO - Dependencies all met for dep_context=non-requeueable deps ti=<TaskInstance: bizsight_pipeline.run_etl_pipeline manual__2025-06-26T00:05:13.428751+00:00 [queued]>
[2025-06-25T20:05:34.986-0400] {taskinstance.py:2076} INFO - Dependencies all met for dep_context=requeueable deps ti=<TaskInstance: bizsight_pipeline.run_etl_pipeline manual__2025-06-26T00:05:13.428751+00:00 [queued]>
[2025-06-25T20:05:34.986-0400] {taskinstance.py:2306} INFO - Starting attempt 1 of 2
[2025-06-25T20:05:34.990-0400] {taskinstance.py:2330} INFO - Executing <Task(BashOperator): run_etl_pipeline> on 2025-06-26 00:05:13.428751+00:00
[2025-06-25T20:05:34.992-0400] {standard_task_runner.py:63} INFO - Started process 60786 to run task
[2025-06-25T20:05:34.995-0400] {standard_task_runner.py:90} INFO - Running: ['airflow', 'tasks', 'run', 'bizsight_pipeline', 'run_etl_pipeline', 'manual__2025-06-26T00:05:13.428751+00:00', '--job-id', '58', '--raw', '--subdir', 'DAGS_FOLDER/bizsight_dag.py', '--cfg-path', '/var/folders/qz/vw9rgbgn0719syftc5msbg4w0000gn/T/tmp0wclqtap']
[2025-06-25T20:05:34.996-0400] {standard_task_runner.py:91} INFO - Job 58: Subtask run_etl_pipeline
[2025-06-25T20:05:35.009-0400] {task_command.py:426} INFO - Running <TaskInstance: bizsight_pipeline.run_etl_pipeline manual__2025-06-26T00:05:13.428751+00:00 [running]> on host deeps-macbook-pro-2.local
[2025-06-25T20:05:35.028-0400] {taskinstance.py:2648} INFO - Exporting env vars: AIRFLOW_CTX_DAG_EMAIL='mangroliyadeep@gmail.com' AIRFLOW_CTX_DAG_OWNER='deep' AIRFLOW_CTX_DAG_ID='bizsight_pipeline' AIRFLOW_CTX_TASK_ID='run_etl_pipeline' AIRFLOW_CTX_EXECUTION_DATE='2025-06-26T00:05:13.428751+00:00' AIRFLOW_CTX_TRY_NUMBER='1' AIRFLOW_CTX_DAG_RUN_ID='manual__2025-06-26T00:05:13.428751+00:00'
[2025-06-25T20:05:35.028-0400] {taskinstance.py:430} INFO - ::endgroup::
[2025-06-25T20:05:35.029-0400] {subprocess.py:63} INFO - Tmp dir root location: /var/folders/qz/vw9rgbgn0719syftc5msbg4w0000gn/T
[2025-06-25T20:05:35.029-0400] {subprocess.py:75} INFO - Running command: ['/bin/bash', '-c', 'python /Users/deepmangroliya/Desktop/d2p_ds_project/src/etl_pipeline.py']
[2025-06-25T20:05:35.032-0400] {subprocess.py:86} INFO - Output:
[2025-06-25T20:05:35.496-0400] {subprocess.py:93} INFO - ✅ ETL process completed. CSVs saved to: /Users/deepmangroliya/Desktop/d2p_ds_project/data
[2025-06-25T20:05:35.546-0400] {subprocess.py:97} INFO - Command exited with return code 0
[2025-06-25T20:05:35.547-0400] {taskinstance.py:441} INFO - ::group::Post task execution logs
[2025-06-25T20:05:35.553-0400] {taskinstance.py:1206} INFO - Marking task as SUCCESS. dag_id=bizsight_pipeline, task_id=run_etl_pipeline, run_id=manual__2025-06-26T00:05:13.428751+00:00, execution_date=20250626T000513, start_date=20250626T000534, end_date=20250626T000535
[2025-06-25T20:05:35.586-0400] {local_task_job_runner.py:240} INFO - Task exited with return code 0
[2025-06-25T20:05:35.596-0400] {taskinstance.py:3498} INFO - 1 downstream tasks scheduled from follow-on schedule check
[2025-06-25T20:05:35.596-0400] {local_task_job_runner.py:222} INFO - ::endgroup::
