[2025-06-25T20:37:56.600-0400] {local_task_job_runner.py:120} INFO - ::group::Pre task execution logs
[2025-06-25T20:37:56.607-0400] {taskinstance.py:2076} INFO - Dependencies all met for dep_context=non-requeueable deps ti=<TaskInstance: bizsight_pipeline.load_data_refined_db manual__2025-06-26T00:37:30.799287+00:00 [queued]>
[2025-06-25T20:37:56.610-0400] {taskinstance.py:2076} INFO - Dependencies all met for dep_context=requeueable deps ti=<TaskInstance: bizsight_pipeline.load_data_refined_db manual__2025-06-26T00:37:30.799287+00:00 [queued]>
[2025-06-25T20:37:56.610-0400] {taskinstance.py:2306} INFO - Starting attempt 1 of 2
[2025-06-25T20:37:56.618-0400] {taskinstance.py:2330} INFO - Executing <Task(BashOperator): load_data_refined_db> on 2025-06-26 00:37:30.799287+00:00
[2025-06-25T20:37:56.621-0400] {standard_task_runner.py:63} INFO - Started process 64712 to run task
[2025-06-25T20:37:56.625-0400] {standard_task_runner.py:90} INFO - Running: ['airflow', 'tasks', 'run', 'bizsight_pipeline', 'load_data_refined_db', 'manual__2025-06-26T00:37:30.799287+00:00', '--job-id', '117', '--raw', '--subdir', 'DAGS_FOLDER/bizsight_dag.py', '--cfg-path', '/var/folders/qz/vw9rgbgn0719syftc5msbg4w0000gn/T/tmpkwsgbs6y']
[2025-06-25T20:37:56.627-0400] {standard_task_runner.py:91} INFO - Job 117: Subtask load_data_refined_db
[2025-06-25T20:37:56.649-0400] {task_command.py:426} INFO - Running <TaskInstance: bizsight_pipeline.load_data_refined_db manual__2025-06-26T00:37:30.799287+00:00 [running]> on host deeps-macbook-pro-2.local
[2025-06-25T20:37:56.672-0400] {taskinstance.py:2648} INFO - Exporting env vars: AIRFLOW_CTX_DAG_EMAIL='mangroliyadeep@gmail.com' AIRFLOW_CTX_DAG_OWNER='deep' AIRFLOW_CTX_DAG_ID='bizsight_pipeline' AIRFLOW_CTX_TASK_ID='load_data_refined_db' AIRFLOW_CTX_EXECUTION_DATE='2025-06-26T00:37:30.799287+00:00' AIRFLOW_CTX_TRY_NUMBER='1' AIRFLOW_CTX_DAG_RUN_ID='manual__2025-06-26T00:37:30.799287+00:00'
[2025-06-25T20:37:56.673-0400] {taskinstance.py:430} INFO - ::endgroup::
[2025-06-25T20:37:56.673-0400] {subprocess.py:63} INFO - Tmp dir root location: /var/folders/qz/vw9rgbgn0719syftc5msbg4w0000gn/T
[2025-06-25T20:37:56.674-0400] {subprocess.py:75} INFO - Running command: ['/bin/bash', '-c', 'python /Users/deepmangroliya/Desktop/d2p_ds_project/src/database.py -db "refined" -t "cleaned-upload-to-database"']
[2025-06-25T20:37:56.677-0400] {subprocess.py:86} INFO - Output:
[2025-06-25T20:38:21.265-0400] {subprocess.py:93} INFO - Connected to MySQL Successfully
[2025-06-25T20:38:21.266-0400] {subprocess.py:93} INFO - Old Table 'sales' dropped before creation.
[2025-06-25T20:38:21.266-0400] {subprocess.py:93} INFO - Table 'sales' created successfully.
[2025-06-25T20:38:21.267-0400] {subprocess.py:93} INFO - Old Table 'products' dropped before creation.
[2025-06-25T20:38:21.267-0400] {subprocess.py:93} INFO - Table 'products' created successfully.
[2025-06-25T20:38:21.326-0400] {subprocess.py:97} INFO - Command exited with return code 0
[2025-06-25T20:38:21.327-0400] {taskinstance.py:441} INFO - ::group::Post task execution logs
[2025-06-25T20:38:21.334-0400] {taskinstance.py:1206} INFO - Marking task as SUCCESS. dag_id=bizsight_pipeline, task_id=load_data_refined_db, run_id=manual__2025-06-26T00:37:30.799287+00:00, execution_date=20250626T003730, start_date=20250626T003756, end_date=20250626T003821
[2025-06-25T20:38:21.345-0400] {local_task_job_runner.py:240} INFO - Task exited with return code 0
[2025-06-25T20:38:21.355-0400] {taskinstance.py:3498} INFO - 1 downstream tasks scheduled from follow-on schedule check
[2025-06-25T20:38:21.355-0400] {local_task_job_runner.py:222} INFO - ::endgroup::
