[2025-06-25T20:32:30.133-0400] {local_task_job_runner.py:120} INFO - ::group::Pre task execution logs
[2025-06-25T20:32:30.139-0400] {taskinstance.py:2076} INFO - Dependencies all met for dep_context=non-requeueable deps ti=<TaskInstance: bizsight_pipeline.run_etl_pipeline manual__2025-06-26T00:32:09.799301+00:00 [queued]>
[2025-06-25T20:32:30.141-0400] {taskinstance.py:2076} INFO - Dependencies all met for dep_context=requeueable deps ti=<TaskInstance: bizsight_pipeline.run_etl_pipeline manual__2025-06-26T00:32:09.799301+00:00 [queued]>
[2025-06-25T20:32:30.141-0400] {taskinstance.py:2306} INFO - Starting attempt 1 of 2
[2025-06-25T20:32:30.145-0400] {taskinstance.py:2330} INFO - Executing <Task(BashOperator): run_etl_pipeline> on 2025-06-26 00:32:09.799301+00:00
[2025-06-25T20:32:30.147-0400] {standard_task_runner.py:63} INFO - Started process 64076 to run task
[2025-06-25T20:32:30.150-0400] {standard_task_runner.py:90} INFO - Running: ['airflow', 'tasks', 'run', 'bizsight_pipeline', 'run_etl_pipeline', 'manual__2025-06-26T00:32:09.799301+00:00', '--job-id', '108', '--raw', '--subdir', 'DAGS_FOLDER/bizsight_dag.py', '--cfg-path', '/var/folders/qz/vw9rgbgn0719syftc5msbg4w0000gn/T/tmp1_yjwgcw']
[2025-06-25T20:32:30.151-0400] {standard_task_runner.py:91} INFO - Job 108: Subtask run_etl_pipeline
[2025-06-25T20:32:30.164-0400] {task_command.py:426} INFO - Running <TaskInstance: bizsight_pipeline.run_etl_pipeline manual__2025-06-26T00:32:09.799301+00:00 [running]> on host deeps-macbook-pro-2.local
[2025-06-25T20:32:30.183-0400] {taskinstance.py:2648} INFO - Exporting env vars: AIRFLOW_CTX_DAG_EMAIL='mangroliyadeep@gmail.com' AIRFLOW_CTX_DAG_OWNER='deep' AIRFLOW_CTX_DAG_ID='bizsight_pipeline' AIRFLOW_CTX_TASK_ID='run_etl_pipeline' AIRFLOW_CTX_EXECUTION_DATE='2025-06-26T00:32:09.799301+00:00' AIRFLOW_CTX_TRY_NUMBER='1' AIRFLOW_CTX_DAG_RUN_ID='manual__2025-06-26T00:32:09.799301+00:00'
[2025-06-25T20:32:30.184-0400] {taskinstance.py:430} INFO - ::endgroup::
[2025-06-25T20:32:30.184-0400] {subprocess.py:63} INFO - Tmp dir root location: /var/folders/qz/vw9rgbgn0719syftc5msbg4w0000gn/T
[2025-06-25T20:32:30.185-0400] {subprocess.py:75} INFO - Running command: ['/bin/bash', '-c', 'python /Users/deepmangroliya/Desktop/d2p_ds_project/src/etl_pipeline.py']
[2025-06-25T20:32:30.188-0400] {subprocess.py:86} INFO - Output:
[2025-06-25T20:32:30.655-0400] {subprocess.py:93} INFO - ✅ ETL process completed. CSVs saved to: /Users/deepmangroliya/Desktop/d2p_ds_project/data
[2025-06-25T20:32:30.706-0400] {subprocess.py:97} INFO - Command exited with return code 0
[2025-06-25T20:32:30.707-0400] {taskinstance.py:441} INFO - ::group::Post task execution logs
[2025-06-25T20:32:30.714-0400] {taskinstance.py:1206} INFO - Marking task as SUCCESS. dag_id=bizsight_pipeline, task_id=run_etl_pipeline, run_id=manual__2025-06-26T00:32:09.799301+00:00, execution_date=20250626T003209, start_date=20250626T003230, end_date=20250626T003230
[2025-06-25T20:32:30.748-0400] {local_task_job_runner.py:240} INFO - Task exited with return code 0
[2025-06-25T20:32:30.758-0400] {taskinstance.py:3498} INFO - 1 downstream tasks scheduled from follow-on schedule check
[2025-06-25T20:32:30.759-0400] {local_task_job_runner.py:222} INFO - ::endgroup::
